.\.venv\Scripts\python.exe
 : C:\Users\msilaptop\Desk
top\VinUni\lab3\VinUniLab3
-E403-16\src\core\gemini_p
rovider.py:3: 
FutureWarning: 
At line:1 char:1
+ .\.venv\Scripts\python.e
xe run_agent.py --mode v1 
--query 'Find a sma ...
+ ~~~~~~~~~~~~~~~~~~~~~~~~
~~~~~~~~~~~~~~~~~~~~~~~~~~
~~~~~~~~~~~~~~~~~~~
    + CategoryInfo        
      : NotSpecified: (C  
  :\Users\msilap...Futu   
 reWarning: :String) [    
], RemoteException
    + FullyQualifiedError 
   Id : NativeCommandErr  
  or
 

All support for the 
`google.generativeai` 
package has ended. It 
will no longer be 
receiving 
updates or bug fixes. 
Please switch to the 
`google.genai` package as 
soon as possible.
See README for more 
details:

https://github.com/google-
gemini/deprecated-generati
ve-ai-python/blob/main/REA
DME.md

  import 
google.generativeai as 
genai
{"timestamp": "2026-04-06T
09:56:52.822596+00:00", 
"event": "AGENT_START", 
"data": {"version": "v1", 
"input": "Find a 
smartphone and show its 
price", "model": 
"gemini-2.5-flash-lite"}}
Traceback (most recent 
call last):
  File "C:\Users\msilaptop
\Desktop\VinUni\lab3\VinUn
iLab3-E403-16\.venv\Lib\si
te-packages\google\api_cor
e\grpc_helpers.py", line 
55, in 
error_remapped_callable
    return 
callable_(*args, **kwargs)
           
^^^^^^^^^^^^^^^^^^^^^^^^^^
  File "C:\Users\msilaptop
\Desktop\VinUni\lab3\VinUn
iLab3-E403-16\.venv\Lib\si
te-packages\grpc\_intercep
tor.py", line 276, in 
__call__
    response, 
ignored_call = 
self._with_call(
                          
   ^^^^^^^^^^^^^^^^
  File "C:\Users\msilaptop
\Desktop\VinUni\lab3\VinUn
iLab3-E403-16\.venv\Lib\si
te-packages\grpc\_intercep
tor.py", line 331, in 
_with_call
    return call.result(), 
call
           ^^^^^^^^^^^^^
  File "C:\Users\msilaptop
\Desktop\VinUni\lab3\VinUn
iLab3-E403-16\.venv\Lib\si
te-packages\grpc\_channel.
py", line 438, in result
    raise self
  File "C:\Users\msilaptop
\Desktop\VinUni\lab3\VinUn
iLab3-E403-16\.venv\Lib\si
te-packages\grpc\_intercep
tor.py", line 314, in 
continuation
    response, call = self.
_thunk(new_method).with_ca
ll(
                     ^^^^^
^^^^^^^^^^^^^^^^^^^^^^^^^^
^^^
  File "C:\Users\msilaptop
\Desktop\VinUni\lab3\VinUn
iLab3-E403-16\.venv\Lib\si
te-packages\grpc\_channel.
py", line 1173, in 
with_call
    return _end_unary_resp
onse_blocking(state, 
call, True, None)
           ^^^^^^^^^^^^^^^
^^^^^^^^^^^^^^^^^^^^^^^^^^
^^^^^^^^^^^^
  File "C:\Users\msilaptop
\Desktop\VinUni\lab3\VinUn
iLab3-E403-16\.venv\Lib\si
te-packages\grpc\_channel.
py", line 990, in _end_una
ry_response_blocking
    raise 
_InactiveRpcError(state)  
# pytype: 
disable=not-instantiable
    ^^^^^^^^^^^^^^^^^^^^^^
^^^^^^^^
grpc._channel._InactiveRpc
Error: <_InactiveRpcError 
of RPC that terminated 
with:
	status = StatusCode.RESOU
RCE_EXHAUSTED
	details = "You exceeded 
your current quota, 
please check your plan 
and billing details. For 
more information on this 
error, head to: https://ai
.google.dev/gemini-api/doc
s/rate-limits. To monitor 
your current usage, head 
to: https://ai.dev/rate-li
mit. 
* Quota exceeded for 
metric: generativelanguage
.googleapis.com/generate_c
ontent_free_tier_requests,
 limit: 20, model: 
gemini-2.5-flash-lite
Please retry in 
7.212274677s."
	debug_error_string = 
"UNKNOWN:Error received 
from peer 
ipv4:142.250.197.106:443 
{grpc_status:8, 
grpc_message:"You 
exceeded your current 
quota, please check your 
plan and billing details. 
For more information on 
this error, head to: https
://ai.google.dev/gemini-ap
i/docs/rate-limits. To 
monitor your current 
usage, head to: https://ai
.dev/rate-limit. \n* 
Quota exceeded for 
metric: generativelanguage
.googleapis.com/generate_c
ontent_free_tier_requests,
 limit: 20, model: gemini-
2.5-flash-lite\nPlease 
retry in 7.212274677s."}"
>

The above exception was 
the direct cause of the 
following exception:

Traceback (most recent 
call last):
  File "C:\Users\msilaptop
\Desktop\VinUni\lab3\VinUn
iLab3-E403-16\run_agent.py
", line 151, in <module>
    main()
  File "C:\Users\msilaptop
\Desktop\VinUni\lab3\VinUn
iLab3-E403-16\run_agent.py
", line 116, in main
    answer = run_once(
             ^^^^^^^^^
  File "C:\Users\msilaptop
\Desktop\VinUni\lab3\VinUn
iLab3-E403-16\run_agent.py
", line 64, in run_once
    return 
agent.run(user_input)
           
^^^^^^^^^^^^^^^^^^^^^
  File "C:\Users\msilaptop
\Desktop\VinUni\lab3\VinUn
iLab3-E403-16\src\agent\ag
ent_v1.py", line 52, in 
run
    result = self.llm.gene
rate(llm_input, system_pro
mpt=self.get_system_prompt
())
             ^^^^^^^^^^^^^
^^^^^^^^^^^^^^^^^^^^^^^^^^
^^^^^^^^^^^^^^^^^^^^^^^^^^
^^^
  File "C:\Users\msilaptop
\Desktop\VinUni\lab3\VinUn
iLab3-E403-16\src\core\gem
ini_provider.py", line 
22, in generate
    response = self.model.
generate_content(full_prom
pt)
               ^^^^^^^^^^^
^^^^^^^^^^^^^^^^^^^^^^^^^^
^^^
  File "C:\Users\msilaptop
\Desktop\VinUni\lab3\VinUn
iLab3-E403-16\.venv\Lib\si
te-packages\google\generat
iveai\generative_models.py
", line 331, in 
generate_content
    response = self._clien
t.generate_content(
               ^^^^^^^^^^^
^^^^^^^^^^^^^^^^^^^
  File "C:\Users\msilaptop
\Desktop\VinUni\lab3\VinUn
iLab3-E403-16\.venv\Lib\si
te-packages\google\ai\gene
rativelanguage_v1beta\serv
ices\generative_service\cl
ient.py", line 835, in 
generate_content
    response = rpc(
               ^^^^
  File "C:\Users\msilaptop
\Desktop\VinUni\lab3\VinUn
iLab3-E403-16\.venv\Lib\si
te-packages\google\api_cor
e\gapic_v1\method.py", 
line 128, in __call__
    return 
wrapped_func(*args, 
**kwargs)
           ^^^^^^^^^^^^^^^
^^^^^^^^^^^^^^
  File "C:\Users\msilaptop
\Desktop\VinUni\lab3\VinUn
iLab3-E403-16\.venv\Lib\si
te-packages\google\api_cor
e\retry\retry_unary.py", 
line 294, in 
retry_wrapped_func
    return retry_target(
           ^^^^^^^^^^^^^
  File "C:\Users\msilaptop
\Desktop\VinUni\lab3\VinUn
iLab3-E403-16\.venv\Lib\si
te-packages\google\api_cor
e\retry\retry_unary.py", 
line 156, in retry_target
    next_sleep = 
_retry_error_helper(
                 
^^^^^^^^^^^^^^^^^^^^
  File "C:\Users\msilaptop
\Desktop\VinUni\lab3\VinUn
iLab3-E403-16\.venv\Lib\si
te-packages\google\api_cor
e\retry\retry_base.py", 
line 216, in 
_retry_error_helper
    raise final_exc from 
source_exc
  File "C:\Users\msilaptop
\Desktop\VinUni\lab3\VinUn
iLab3-E403-16\.venv\Lib\si
te-packages\google\api_cor
e\retry\retry_unary.py", 
line 147, in retry_target
    result = target()
             ^^^^^^^^
  File "C:\Users\msilaptop
\Desktop\VinUni\lab3\VinUn
iLab3-E403-16\.venv\Lib\si
te-packages\google\api_cor
e\timeout.py", line 130, 
in func_with_timeout
    return func(*args, 
**kwargs)
           
^^^^^^^^^^^^^^^^^^^^^
  File "C:\Users\msilaptop
\Desktop\VinUni\lab3\VinUn
iLab3-E403-16\.venv\Lib\si
te-packages\google\api_cor
e\grpc_helpers.py", line 
57, in 
error_remapped_callable
    raise exceptions.from_
grpc_error(exc) from exc
google.api_core.exceptions
.ResourceExhausted: 429 
You exceeded your current 
quota, please check your 
plan and billing details. 
For more information on 
this error, head to: https
://ai.google.dev/gemini-ap
i/docs/rate-limits. To 
monitor your current 
usage, head to: https://ai
.dev/rate-limit. 
* Quota exceeded for 
metric: generativelanguage
.googleapis.com/generate_c
ontent_free_tier_requests,
 limit: 20, model: 
gemini-2.5-flash-lite
Please retry in 
7.212274677s. [links {
  description: "Learn 
more about Gemini API 
quotas"
  url: "https://ai.google.
dev/gemini-api/docs/rate-l
imits"
}
, violations {
  quota_metric: "generativ
elanguage.googleapis.com/g
enerate_content_free_tier_
requests"
  quota_id: "GenerateReque
stsPerDayPerProjectPerMode
l-FreeTier"
  quota_dimensions {
    key: "model"
    value: 
"gemini-2.5-flash-lite"
  }
  quota_dimensions {
    key: "location"
    value: "global"
  }
  quota_value: 20
}
, retry_delay {
  seconds: 7
}
]
